{"timestamp": "2025-07-15 08:56:17", "logger": "uv_example", "level": "INFO", "message": "", "pathname": "D:\\1_Playground\\uv_example\\app\\main.py", "funcName": "processing_time", "lineno": 86}
{"timestamp": "2025-07-15 08:56:22", "logger": "uv_example", "level": "INFO", "message": "List collections: ['_warmup']", "pathname": "D:\\1_Playground\\uv_example\\app\\services\\qdrant_services.py", "funcName": "get_all_collections", "lineno": 137}
{"timestamp": "2025-07-15 08:56:27", "logger": "uv_example", "level": "INFO", "message": "GET http://localhost:8000/api/v1/qdrant/list_collections processed in  10.189706", "pathname": "D:\\1_Playground\\uv_example\\app\\main.py", "funcName": "processing_time", "lineno": 96}
{"timestamp": "2025-07-15 08:56:27", "logger": "uv_example", "level": "INFO", "message": "Request parameters are: ", "pathname": "D:\\1_Playground\\uv_example\\app\\main.py", "funcName": "processing_time", "lineno": 97}
{"timestamp": "2025-07-15 09:08:55", "logger": "uv_example", "level": "INFO", "message": "", "pathname": "D:\\1_Playground\\uv_example\\app\\main.py", "funcName": "processing_time", "lineno": 86}
{"timestamp": "2025-07-15 09:09:24", "logger": "uv_example", "level": "ERROR", "message": "Error creating hybrid collection 'budgets': 1 validation error for DatetimeIndexParams\ntype\n  Field required [type=missing, input_value={}, input_type=dict]\n    For further information visit https://errors.pydantic.dev/2.11/v/missing", "pathname": "D:\\1_Playground\\uv_example\\app\\services\\qdrant_services.py", "funcName": "create_collection", "lineno": 74}
{"timestamp": "2025-07-15 09:09:24", "logger": "uv_example", "level": "INFO", "message": "POST http://localhost:8000/api/v1/qdrant/create_collection?collection_name=budgets processed in  29.255906", "pathname": "D:\\1_Playground\\uv_example\\app\\main.py", "funcName": "processing_time", "lineno": 96}
{"timestamp": "2025-07-15 09:09:24", "logger": "uv_example", "level": "INFO", "message": "Request parameters are: ", "pathname": "D:\\1_Playground\\uv_example\\app\\main.py", "funcName": "processing_time", "lineno": 97}
{"timestamp": "2025-07-15 09:09:43", "logger": "uv_example", "level": "INFO", "message": "", "pathname": "D:\\1_Playground\\uv_example\\app\\main.py", "funcName": "processing_time", "lineno": 86}
{"timestamp": "2025-07-15 09:09:52", "logger": "uv_example", "level": "WARNING", "message": "Collection 'budgets' already exists.", "pathname": "D:\\1_Playground\\uv_example\\app\\services\\qdrant_services.py", "funcName": "create_collection", "lineno": 53}
{"timestamp": "2025-07-15 09:10:22", "logger": "uv_example", "level": "INFO", "message": "POST http://localhost:8000/api/v1/qdrant/create_collection?collection_name=budgets processed in  39.058187", "pathname": "D:\\1_Playground\\uv_example\\app\\main.py", "funcName": "processing_time", "lineno": 96}
{"timestamp": "2025-07-15 09:10:22", "logger": "uv_example", "level": "INFO", "message": "Request parameters are: ", "pathname": "D:\\1_Playground\\uv_example\\app\\main.py", "funcName": "processing_time", "lineno": 97}
{"timestamp": "2025-07-15 09:10:28", "logger": "uv_example", "level": "INFO", "message": "", "pathname": "D:\\1_Playground\\uv_example\\app\\main.py", "funcName": "processing_time", "lineno": 86}
{"timestamp": "2025-07-15 09:17:50", "logger": "uv_example", "level": "ERROR", "message": "Error creating hybrid collection 'budgets': 1 validation error for DatetimeIndexParams\ntype\n  Field required [type=missing, input_value={}, input_type=dict]\n    For further information visit https://errors.pydantic.dev/2.11/v/missing", "pathname": "D:\\1_Playground\\uv_example\\app\\services\\qdrant_services.py", "funcName": "create_collection", "lineno": 74}
{"timestamp": "2025-07-15 09:17:50", "logger": "uv_example", "level": "INFO", "message": "POST http://localhost:8000/api/v1/qdrant/create_collection?collection_name=budgets processed in  441.476028", "pathname": "D:\\1_Playground\\uv_example\\app\\main.py", "funcName": "processing_time", "lineno": 96}
{"timestamp": "2025-07-15 09:17:50", "logger": "uv_example", "level": "INFO", "message": "Request parameters are: ", "pathname": "D:\\1_Playground\\uv_example\\app\\main.py", "funcName": "processing_time", "lineno": 97}
{"timestamp": "2025-07-15 09:17:50", "logger": "uv_example", "level": "INFO", "message": "Qdrant Connnection Close Sucessfully", "pathname": "D:\\1_Playground\\uv_example\\app\\db\\qdrantdb.py", "funcName": "close_qdrant_connection", "lineno": 47}
{"timestamp": "2025-07-15 09:17:50", "logger": "uv_example", "level": "INFO", "message": "Mongo Connnection Close Sucessfully", "pathname": "D:\\1_Playground\\uv_example\\app\\db\\mongodb.py", "funcName": "close_mongo_connection", "lineno": 37}
{"timestamp": "2025-07-15 09:17:59", "logger": "uv_example", "level": "INFO", "message": "Mongodb Connection Successful", "pathname": "D:\\1_Playground\\uv_example\\app\\db\\mongodb.py", "funcName": "initialise_mongo", "lineno": 22}
{"timestamp": "2025-07-15 09:18:09", "logger": "uv_example", "level": "INFO", "message": "Qdrant Connection Successful", "pathname": "D:\\1_Playground\\uv_example\\app\\db\\qdrantdb.py", "funcName": "initialise_qdrant", "lineno": 17}
{"timestamp": "2025-07-15 09:18:12", "logger": "uv_example", "level": "INFO", "message": "Qdrant model warm-up completed.", "pathname": "D:\\1_Playground\\uv_example\\app\\db\\qdrantdb.py", "funcName": "initialise_qdrant", "lineno": 33}
{"timestamp": "2025-07-15 09:25:00", "logger": "uv_example", "level": "INFO", "message": "Qdrant Connnection Close Sucessfully", "pathname": "D:\\1_Playground\\uv_example\\app\\db\\qdrantdb.py", "funcName": "close_qdrant_connection", "lineno": 47}
{"timestamp": "2025-07-15 09:25:00", "logger": "uv_example", "level": "INFO", "message": "Mongo Connnection Close Sucessfully", "pathname": "D:\\1_Playground\\uv_example\\app\\db\\mongodb.py", "funcName": "close_mongo_connection", "lineno": 37}
{"timestamp": "2025-07-15 09:25:08", "logger": "uv_example", "level": "INFO", "message": "Mongodb Connection Successful", "pathname": "D:\\1_Playground\\uv_example\\app\\db\\mongodb.py", "funcName": "initialise_mongo", "lineno": 22}
{"timestamp": "2025-07-15 09:25:19", "logger": "uv_example", "level": "INFO", "message": "Qdrant Connection Successful", "pathname": "D:\\1_Playground\\uv_example\\app\\db\\qdrantdb.py", "funcName": "initialise_qdrant", "lineno": 17}
{"timestamp": "2025-07-15 09:25:22", "logger": "uv_example", "level": "INFO", "message": "Qdrant model warm-up completed.", "pathname": "D:\\1_Playground\\uv_example\\app\\db\\qdrantdb.py", "funcName": "initialise_qdrant", "lineno": 33}
{"timestamp": "2025-07-15 09:25:31", "logger": "uv_example", "level": "INFO", "message": "Mongodb Connection Successful", "pathname": "D:\\1_Playground\\uv_example\\app\\db\\mongodb.py", "funcName": "initialise_mongo", "lineno": 22}
{"timestamp": "2025-07-15 09:25:41", "logger": "uv_example", "level": "INFO", "message": "Qdrant Connection Successful", "pathname": "D:\\1_Playground\\uv_example\\app\\db\\qdrantdb.py", "funcName": "initialise_qdrant", "lineno": 17}
{"timestamp": "2025-07-15 09:25:44", "logger": "uv_example", "level": "INFO", "message": "Qdrant model warm-up completed.", "pathname": "D:\\1_Playground\\uv_example\\app\\db\\qdrantdb.py", "funcName": "initialise_qdrant", "lineno": 33}
{"timestamp": "2025-07-15 09:25:55", "logger": "uv_example", "level": "INFO", "message": "", "pathname": "D:\\1_Playground\\uv_example\\app\\main.py", "funcName": "processing_time", "lineno": 86}
{"timestamp": "2025-07-15 09:29:15", "logger": "uv_example", "level": "ERROR", "message": "Error creating hybrid collection 'budgets': 2 validation errors for DatetimeIndexParams\ntype\n  Field required [type=missing, input_value={'datatype': <DatetimeInd...e.DATETIME: 'datetime'>}, input_type=dict]\n    For further information visit https://errors.pydantic.dev/2.11/v/missing\ndatatype\n  Extra inputs are not permitted [type=extra_forbidden, input_value=<DatetimeIndexType.DATETIME: 'datetime'>, input_type=DatetimeIndexType]\n    For further information visit https://errors.pydantic.dev/2.11/v/extra_forbidden", "pathname": "D:\\1_Playground\\uv_example\\app\\services\\qdrant_services.py", "funcName": "create_collection", "lineno": 74}
{"timestamp": "2025-07-15 09:29:15", "logger": "uv_example", "level": "INFO", "message": "POST http://localhost:8000/api/v1/qdrant/create_collection?collection_name=budgets processed in  199.924713", "pathname": "D:\\1_Playground\\uv_example\\app\\main.py", "funcName": "processing_time", "lineno": 96}
{"timestamp": "2025-07-15 09:29:15", "logger": "uv_example", "level": "INFO", "message": "Request parameters are: ", "pathname": "D:\\1_Playground\\uv_example\\app\\main.py", "funcName": "processing_time", "lineno": 97}
{"timestamp": "2025-07-15 09:29:15", "logger": "uv_example", "level": "INFO", "message": "Qdrant Connnection Close Sucessfully", "pathname": "D:\\1_Playground\\uv_example\\app\\db\\qdrantdb.py", "funcName": "close_qdrant_connection", "lineno": 47}
{"timestamp": "2025-07-15 09:29:15", "logger": "uv_example", "level": "INFO", "message": "Mongo Connnection Close Sucessfully", "pathname": "D:\\1_Playground\\uv_example\\app\\db\\mongodb.py", "funcName": "close_mongo_connection", "lineno": 37}
{"timestamp": "2025-07-15 09:30:01", "logger": "uv_example", "level": "INFO", "message": "Mongodb Connection Successful", "pathname": "D:\\1_Playground\\uv_example\\app\\db\\mongodb.py", "funcName": "initialise_mongo", "lineno": 22}
{"timestamp": "2025-07-15 09:30:12", "logger": "uv_example", "level": "INFO", "message": "Qdrant Connection Successful", "pathname": "D:\\1_Playground\\uv_example\\app\\db\\qdrantdb.py", "funcName": "initialise_qdrant", "lineno": 17}
{"timestamp": "2025-07-15 09:30:15", "logger": "uv_example", "level": "INFO", "message": "Qdrant model warm-up completed.", "pathname": "D:\\1_Playground\\uv_example\\app\\db\\qdrantdb.py", "funcName": "initialise_qdrant", "lineno": 33}
{"timestamp": "2025-07-15 09:30:33", "logger": "uv_example", "level": "INFO", "message": "", "pathname": "D:\\1_Playground\\uv_example\\app\\main.py", "funcName": "processing_time", "lineno": 86}
{"timestamp": "2025-07-15 09:32:05", "logger": "uv_example", "level": "ERROR", "message": "Error creating hybrid collection 'budgets': 1 validation error for KeywordIndexParams\ntype\n  Field required [type=missing, input_value={}, input_type=dict]\n    For further information visit https://errors.pydantic.dev/2.11/v/missing", "pathname": "D:\\1_Playground\\uv_example\\app\\services\\qdrant_services.py", "funcName": "create_collection", "lineno": 74}
{"timestamp": "2025-07-15 09:32:05", "logger": "uv_example", "level": "INFO", "message": "POST http://localhost:8000/api/v1/qdrant/create_collection?collection_name=budgets processed in  91.891866", "pathname": "D:\\1_Playground\\uv_example\\app\\main.py", "funcName": "processing_time", "lineno": 96}
{"timestamp": "2025-07-15 09:32:05", "logger": "uv_example", "level": "INFO", "message": "Request parameters are: ", "pathname": "D:\\1_Playground\\uv_example\\app\\main.py", "funcName": "processing_time", "lineno": 97}
{"timestamp": "2025-07-15 09:32:05", "logger": "uv_example", "level": "INFO", "message": "Qdrant Connnection Close Sucessfully", "pathname": "D:\\1_Playground\\uv_example\\app\\db\\qdrantdb.py", "funcName": "close_qdrant_connection", "lineno": 47}
{"timestamp": "2025-07-15 09:32:05", "logger": "uv_example", "level": "INFO", "message": "Mongo Connnection Close Sucessfully", "pathname": "D:\\1_Playground\\uv_example\\app\\db\\mongodb.py", "funcName": "close_mongo_connection", "lineno": 37}
{"timestamp": "2025-07-15 09:32:14", "logger": "uv_example", "level": "INFO", "message": "Mongodb Connection Successful", "pathname": "D:\\1_Playground\\uv_example\\app\\db\\mongodb.py", "funcName": "initialise_mongo", "lineno": 22}
{"timestamp": "2025-07-15 09:32:26", "logger": "uv_example", "level": "INFO", "message": "Qdrant Connection Successful", "pathname": "D:\\1_Playground\\uv_example\\app\\db\\qdrantdb.py", "funcName": "initialise_qdrant", "lineno": 17}
{"timestamp": "2025-07-15 09:32:29", "logger": "uv_example", "level": "INFO", "message": "Qdrant model warm-up completed.", "pathname": "D:\\1_Playground\\uv_example\\app\\db\\qdrantdb.py", "funcName": "initialise_qdrant", "lineno": 33}
{"timestamp": "2025-07-15 09:32:50", "logger": "uv_example", "level": "INFO", "message": "", "pathname": "D:\\1_Playground\\uv_example\\app\\main.py", "funcName": "processing_time", "lineno": 86}
{"timestamp": "2025-07-15 09:33:15", "logger": "uv_example", "level": "INFO", "message": "Hybrid collection 'budgets' created successfully.", "pathname": "D:\\1_Playground\\uv_example\\app\\services\\qdrant_services.py", "funcName": "create_collection", "lineno": 70}
{"timestamp": "2025-07-15 09:33:20", "logger": "uv_example", "level": "INFO", "message": "POST http://localhost:8000/api/v1/qdrant/create_collection?collection_name=budgets processed in  30.234947", "pathname": "D:\\1_Playground\\uv_example\\app\\main.py", "funcName": "processing_time", "lineno": 96}
{"timestamp": "2025-07-15 09:33:20", "logger": "uv_example", "level": "INFO", "message": "Request parameters are: ", "pathname": "D:\\1_Playground\\uv_example\\app\\main.py", "funcName": "processing_time", "lineno": 97}
{"timestamp": "2025-07-15 09:36:14", "logger": "uv_example", "level": "INFO", "message": "Skipping body logging for file upload", "pathname": "D:\\1_Playground\\uv_example\\app\\main.py", "funcName": "processing_time", "lineno": 82}
{"timestamp": "2025-07-15 09:36:25", "logger": "uv_example", "level": "INFO", "message": "Inserted document into 'budgets' with ID: 6875d3c19da8e077d58855c3", "pathname": "D:\\1_Playground\\uv_example\\app\\services\\mongo_services.py", "funcName": "insert_document", "lineno": 49}
{"timestamp": "2025-07-15 09:36:28", "logger": "uv_example", "level": "INFO", "message": "Successfully ingested data into collection 'budgets'.", "pathname": "D:\\1_Playground\\uv_example\\app\\services\\qdrant_services.py", "funcName": "ingest_data", "lineno": 39}
{"timestamp": "2025-07-15 09:36:28", "logger": "uv_example", "level": "INFO", "message": "POST http://localhost:8000/api/v1/upload?page_by_page=true processed in  13.759901", "pathname": "D:\\1_Playground\\uv_example\\app\\main.py", "funcName": "processing_time", "lineno": 96}
{"timestamp": "2025-07-15 09:36:28", "logger": "uv_example", "level": "INFO", "message": "Request parameters are: <File upload - not read>", "pathname": "D:\\1_Playground\\uv_example\\app\\main.py", "funcName": "processing_time", "lineno": 97}
{"timestamp": "2025-07-15 09:44:35", "logger": "uv_example", "level": "INFO", "message": "Qdrant Connnection Close Sucessfully", "pathname": "D:\\1_Playground\\uv_example\\app\\db\\qdrantdb.py", "funcName": "close_qdrant_connection", "lineno": 47}
{"timestamp": "2025-07-15 09:44:35", "logger": "uv_example", "level": "INFO", "message": "Mongo Connnection Close Sucessfully", "pathname": "D:\\1_Playground\\uv_example\\app\\db\\mongodb.py", "funcName": "close_mongo_connection", "lineno": 37}
{"timestamp": "2025-07-15 09:44:43", "logger": "uv_example", "level": "INFO", "message": "Mongodb Connection Successful", "pathname": "D:\\1_Playground\\uv_example\\app\\db\\mongodb.py", "funcName": "initialise_mongo", "lineno": 22}
{"timestamp": "2025-07-15 09:44:54", "logger": "uv_example", "level": "INFO", "message": "Qdrant Connection Successful", "pathname": "D:\\1_Playground\\uv_example\\app\\db\\qdrantdb.py", "funcName": "initialise_qdrant", "lineno": 17}
{"timestamp": "2025-07-15 09:44:57", "logger": "uv_example", "level": "INFO", "message": "Qdrant model warm-up completed.", "pathname": "D:\\1_Playground\\uv_example\\app\\db\\qdrantdb.py", "funcName": "initialise_qdrant", "lineno": 33}
{"timestamp": "2025-07-15 09:45:06", "logger": "uv_example", "level": "INFO", "message": "Mongodb Connection Successful", "pathname": "D:\\1_Playground\\uv_example\\app\\db\\mongodb.py", "funcName": "initialise_mongo", "lineno": 22}
{"timestamp": "2025-07-15 09:45:16", "logger": "uv_example", "level": "INFO", "message": "Qdrant Connection Successful", "pathname": "D:\\1_Playground\\uv_example\\app\\db\\qdrantdb.py", "funcName": "initialise_qdrant", "lineno": 17}
{"timestamp": "2025-07-15 09:45:20", "logger": "uv_example", "level": "INFO", "message": "Qdrant model warm-up completed.", "pathname": "D:\\1_Playground\\uv_example\\app\\db\\qdrantdb.py", "funcName": "initialise_qdrant", "lineno": 33}
{"timestamp": "2025-07-15 09:46:00", "logger": "uv_example", "level": "INFO", "message": "Qdrant Connnection Close Sucessfully", "pathname": "D:\\1_Playground\\uv_example\\app\\db\\qdrantdb.py", "funcName": "close_qdrant_connection", "lineno": 47}
{"timestamp": "2025-07-15 09:46:00", "logger": "uv_example", "level": "INFO", "message": "Mongo Connnection Close Sucessfully", "pathname": "D:\\1_Playground\\uv_example\\app\\db\\mongodb.py", "funcName": "close_mongo_connection", "lineno": 37}
{"timestamp": "2025-07-15 09:46:17", "logger": "uv_example", "level": "INFO", "message": "Mongodb Connection Successful", "pathname": "D:\\1_Playground\\uv_example\\app\\db\\mongodb.py", "funcName": "initialise_mongo", "lineno": 22}
{"timestamp": "2025-07-15 09:46:27", "logger": "uv_example", "level": "INFO", "message": "Qdrant Connection Successful", "pathname": "D:\\1_Playground\\uv_example\\app\\db\\qdrantdb.py", "funcName": "initialise_qdrant", "lineno": 17}
{"timestamp": "2025-07-15 09:46:31", "logger": "uv_example", "level": "INFO", "message": "Qdrant model warm-up completed.", "pathname": "D:\\1_Playground\\uv_example\\app\\db\\qdrantdb.py", "funcName": "initialise_qdrant", "lineno": 33}
{"timestamp": "2025-07-15 09:46:40", "logger": "uv_example", "level": "INFO", "message": "Mongodb Connection Successful", "pathname": "D:\\1_Playground\\uv_example\\app\\db\\mongodb.py", "funcName": "initialise_mongo", "lineno": 22}
{"timestamp": "2025-07-15 09:46:51", "logger": "uv_example", "level": "INFO", "message": "Qdrant Connection Successful", "pathname": "D:\\1_Playground\\uv_example\\app\\db\\qdrantdb.py", "funcName": "initialise_qdrant", "lineno": 17}
{"timestamp": "2025-07-15 09:46:54", "logger": "uv_example", "level": "INFO", "message": "Qdrant model warm-up completed.", "pathname": "D:\\1_Playground\\uv_example\\app\\db\\qdrantdb.py", "funcName": "initialise_qdrant", "lineno": 33}
{"timestamp": "2025-07-15 09:47:03", "logger": "uv_example", "level": "INFO", "message": "Mongodb Connection Successful", "pathname": "D:\\1_Playground\\uv_example\\app\\db\\mongodb.py", "funcName": "initialise_mongo", "lineno": 22}
{"timestamp": "2025-07-15 09:47:13", "logger": "uv_example", "level": "INFO", "message": "Qdrant Connection Successful", "pathname": "D:\\1_Playground\\uv_example\\app\\db\\qdrantdb.py", "funcName": "initialise_qdrant", "lineno": 17}
{"timestamp": "2025-07-15 09:47:17", "logger": "uv_example", "level": "INFO", "message": "Qdrant model warm-up completed.", "pathname": "D:\\1_Playground\\uv_example\\app\\db\\qdrantdb.py", "funcName": "initialise_qdrant", "lineno": 33}
{"timestamp": "2025-07-15 09:47:26", "logger": "uv_example", "level": "INFO", "message": "Mongodb Connection Successful", "pathname": "D:\\1_Playground\\uv_example\\app\\db\\mongodb.py", "funcName": "initialise_mongo", "lineno": 22}
{"timestamp": "2025-07-15 09:47:36", "logger": "uv_example", "level": "INFO", "message": "Qdrant Connection Successful", "pathname": "D:\\1_Playground\\uv_example\\app\\db\\qdrantdb.py", "funcName": "initialise_qdrant", "lineno": 17}
{"timestamp": "2025-07-15 09:47:39", "logger": "uv_example", "level": "INFO", "message": "Qdrant model warm-up completed.", "pathname": "D:\\1_Playground\\uv_example\\app\\db\\qdrantdb.py", "funcName": "initialise_qdrant", "lineno": 33}
{"timestamp": "2025-07-15 09:47:50", "logger": "uv_example", "level": "INFO", "message": "Mongodb Connection Successful", "pathname": "D:\\1_Playground\\uv_example\\app\\db\\mongodb.py", "funcName": "initialise_mongo", "lineno": 22}
{"timestamp": "2025-07-15 09:48:01", "logger": "uv_example", "level": "INFO", "message": "Qdrant Connection Successful", "pathname": "D:\\1_Playground\\uv_example\\app\\db\\qdrantdb.py", "funcName": "initialise_qdrant", "lineno": 17}
{"timestamp": "2025-07-15 09:48:05", "logger": "uv_example", "level": "INFO", "message": "Qdrant model warm-up completed.", "pathname": "D:\\1_Playground\\uv_example\\app\\db\\qdrantdb.py", "funcName": "initialise_qdrant", "lineno": 33}
{"timestamp": "2025-07-15 09:48:13", "logger": "uv_example", "level": "INFO", "message": "Mongodb Connection Successful", "pathname": "D:\\1_Playground\\uv_example\\app\\db\\mongodb.py", "funcName": "initialise_mongo", "lineno": 22}
{"timestamp": "2025-07-15 09:48:24", "logger": "uv_example", "level": "INFO", "message": "Qdrant Connection Successful", "pathname": "D:\\1_Playground\\uv_example\\app\\db\\qdrantdb.py", "funcName": "initialise_qdrant", "lineno": 17}
{"timestamp": "2025-07-15 09:48:27", "logger": "uv_example", "level": "INFO", "message": "Qdrant model warm-up completed.", "pathname": "D:\\1_Playground\\uv_example\\app\\db\\qdrantdb.py", "funcName": "initialise_qdrant", "lineno": 33}
{"timestamp": "2025-07-15 09:48:32", "logger": "uv_example", "level": "INFO", "message": "Qdrant Connnection Close Sucessfully", "pathname": "D:\\1_Playground\\uv_example\\app\\db\\qdrantdb.py", "funcName": "close_qdrant_connection", "lineno": 47}
{"timestamp": "2025-07-15 09:48:32", "logger": "uv_example", "level": "INFO", "message": "Mongo Connnection Close Sucessfully", "pathname": "D:\\1_Playground\\uv_example\\app\\db\\mongodb.py", "funcName": "close_mongo_connection", "lineno": 37}
{"timestamp": "2025-07-15 09:49:23", "logger": "uv_example", "level": "INFO", "message": "Mongodb Connection Successful", "pathname": "D:\\1_Playground\\uv_example\\app\\db\\mongodb.py", "funcName": "initialise_mongo", "lineno": 22}
{"timestamp": "2025-07-15 09:49:35", "logger": "uv_example", "level": "INFO", "message": "Qdrant Connection Successful", "pathname": "D:\\1_Playground\\uv_example\\app\\db\\qdrantdb.py", "funcName": "initialise_qdrant", "lineno": 17}
{"timestamp": "2025-07-15 09:49:38", "logger": "uv_example", "level": "INFO", "message": "Qdrant model warm-up completed.", "pathname": "D:\\1_Playground\\uv_example\\app\\db\\qdrantdb.py", "funcName": "initialise_qdrant", "lineno": 33}
{"timestamp": "2025-07-15 09:49:47", "logger": "uv_example", "level": "INFO", "message": "Mongodb Connection Successful", "pathname": "D:\\1_Playground\\uv_example\\app\\db\\mongodb.py", "funcName": "initialise_mongo", "lineno": 22}
{"timestamp": "2025-07-15 09:49:57", "logger": "uv_example", "level": "INFO", "message": "Qdrant Connection Successful", "pathname": "D:\\1_Playground\\uv_example\\app\\db\\qdrantdb.py", "funcName": "initialise_qdrant", "lineno": 17}
{"timestamp": "2025-07-15 09:50:01", "logger": "uv_example", "level": "INFO", "message": "Qdrant model warm-up completed.", "pathname": "D:\\1_Playground\\uv_example\\app\\db\\qdrantdb.py", "funcName": "initialise_qdrant", "lineno": 33}
{"timestamp": "2025-07-15 09:50:09", "logger": "uv_example", "level": "INFO", "message": "Mongodb Connection Successful", "pathname": "D:\\1_Playground\\uv_example\\app\\db\\mongodb.py", "funcName": "initialise_mongo", "lineno": 22}
{"timestamp": "2025-07-15 09:50:20", "logger": "uv_example", "level": "INFO", "message": "Qdrant Connection Successful", "pathname": "D:\\1_Playground\\uv_example\\app\\db\\qdrantdb.py", "funcName": "initialise_qdrant", "lineno": 17}
{"timestamp": "2025-07-15 09:50:23", "logger": "uv_example", "level": "INFO", "message": "Qdrant model warm-up completed.", "pathname": "D:\\1_Playground\\uv_example\\app\\db\\qdrantdb.py", "funcName": "initialise_qdrant", "lineno": 33}
{"timestamp": "2025-07-15 09:50:46", "logger": "uv_example", "level": "INFO", "message": "", "pathname": "D:\\1_Playground\\uv_example\\app\\main.py", "funcName": "processing_time", "lineno": 86}
{"timestamp": "2025-07-15 09:50:46", "logger": "uv_example", "level": "INFO", "message": "GET http://localhost:8000/docs processed in  0.002022", "pathname": "D:\\1_Playground\\uv_example\\app\\main.py", "funcName": "processing_time", "lineno": 96}
{"timestamp": "2025-07-15 09:50:46", "logger": "uv_example", "level": "INFO", "message": "Request parameters are: ", "pathname": "D:\\1_Playground\\uv_example\\app\\main.py", "funcName": "processing_time", "lineno": 97}
{"timestamp": "2025-07-15 09:50:47", "logger": "uv_example", "level": "INFO", "message": "", "pathname": "D:\\1_Playground\\uv_example\\app\\main.py", "funcName": "processing_time", "lineno": 86}
{"timestamp": "2025-07-15 09:50:47", "logger": "uv_example", "level": "INFO", "message": "GET http://localhost:8000/openapi.json processed in  0.084948", "pathname": "D:\\1_Playground\\uv_example\\app\\main.py", "funcName": "processing_time", "lineno": 96}
{"timestamp": "2025-07-15 09:50:47", "logger": "uv_example", "level": "INFO", "message": "Request parameters are: ", "pathname": "D:\\1_Playground\\uv_example\\app\\main.py", "funcName": "processing_time", "lineno": 97}
{"timestamp": "2025-07-15 09:51:17", "logger": "uv_example", "level": "INFO", "message": "{\n  \"collection_name\": \"budgets\",\n  \"query\": \"ENVIRONMENT, FORESTS, SCIENCE AND TECHNOLOGY DEPARTMENT \",\n  \"from_date\": \"2025-07-15T04:20:50.020Z\",\n  \"to_date\": \"2025-07-15T04:20:50.020Z\"\n}", "pathname": "D:\\1_Playground\\uv_example\\app\\main.py", "funcName": "processing_time", "lineno": 86}
{"timestamp": "2025-07-15 09:52:26", "logger": "uv_example", "level": "ERROR", "message": "Error Searching collection 'budgets': 2 validation errors for Range\ngte\n  Input should be a valid number [type=float_type, input_value=datetime.datetime(2025, 7...000, tzinfo=TzInfo(UTC)), input_type=datetime]\n    For further information visit https://errors.pydantic.dev/2.11/v/float_type\nlte\n  Input should be a valid number [type=float_type, input_value=datetime.datetime(2025, 7...000, tzinfo=TzInfo(UTC)), input_type=datetime]\n    For further information visit https://errors.pydantic.dev/2.11/v/float_type", "pathname": "D:\\1_Playground\\uv_example\\app\\services\\qdrant_services.py", "funcName": "search_collection", "lineno": 173}
{"timestamp": "2025-07-15 09:52:26", "logger": "uv_example", "level": "INFO", "message": "POST http://localhost:8000/api/v1/qdrant/search processed in  69.345083", "pathname": "D:\\1_Playground\\uv_example\\app\\main.py", "funcName": "processing_time", "lineno": 96}
{"timestamp": "2025-07-15 09:52:26", "logger": "uv_example", "level": "INFO", "message": "Request parameters are: {\n  \"collection_name\": \"budgets\",\n  \"query\": \"ENVIRONMENT, FORESTS, SCIENCE AND TECHNOLOGY DEPARTMENT \",\n  \"from_date\": \"2025-07-15T04:20:50.020Z\",\n  \"to_date\": \"2025-07-15T04:20:50.020Z\"\n}", "pathname": "D:\\1_Playground\\uv_example\\app\\main.py", "funcName": "processing_time", "lineno": 97}
{"timestamp": "2025-07-15 09:53:23", "logger": "uv_example", "level": "INFO", "message": "Mongodb Connection Successful", "pathname": "D:\\1_Playground\\uv_example\\app\\db\\mongodb.py", "funcName": "initialise_mongo", "lineno": 22}
{"timestamp": "2025-07-15 09:53:33", "logger": "uv_example", "level": "INFO", "message": "Qdrant Connection Successful", "pathname": "D:\\1_Playground\\uv_example\\app\\db\\qdrantdb.py", "funcName": "initialise_qdrant", "lineno": 17}
{"timestamp": "2025-07-15 09:53:36", "logger": "uv_example", "level": "INFO", "message": "Qdrant model warm-up completed.", "pathname": "D:\\1_Playground\\uv_example\\app\\db\\qdrantdb.py", "funcName": "initialise_qdrant", "lineno": 33}
{"timestamp": "2025-07-15 09:53:54", "logger": "uv_example", "level": "INFO", "message": "{\n  \"collection_name\": \"budgets\",\n  \"query\": \"ENVIRONMENT, FORESTS, SCIENCE AND TECHNOLOGY DEPARTMENT \",\n  \"from_date\": \"2025-07-14T04:20:50.020Z\",\n  \"to_date\": \"2025-07-15T04:20:50.020Z\"\n}", "pathname": "D:\\1_Playground\\uv_example\\app\\main.py", "funcName": "processing_time", "lineno": 86}
{"timestamp": "2025-07-15 10:00:05", "logger": "uv_example", "level": "ERROR", "message": "Error Searching collection 'budgets': 2 validation errors for Range\ngte\n  Input should be a valid number [type=float_type, input_value=datetime.datetime(2025, 7...000, tzinfo=TzInfo(UTC)), input_type=datetime]\n    For further information visit https://errors.pydantic.dev/2.11/v/float_type\nlte\n  Input should be a valid number [type=float_type, input_value=datetime.datetime(2025, 7...000, tzinfo=TzInfo(UTC)), input_type=datetime]\n    For further information visit https://errors.pydantic.dev/2.11/v/float_type", "pathname": "D:\\1_Playground\\uv_example\\app\\services\\qdrant_services.py", "funcName": "search_collection", "lineno": 173}
{"timestamp": "2025-07-15 10:00:05", "logger": "uv_example", "level": "INFO", "message": "POST http://localhost:8000/api/v1/qdrant/search processed in  371.598075", "pathname": "D:\\1_Playground\\uv_example\\app\\main.py", "funcName": "processing_time", "lineno": 96}
{"timestamp": "2025-07-15 10:00:05", "logger": "uv_example", "level": "INFO", "message": "Request parameters are: {\n  \"collection_name\": \"budgets\",\n  \"query\": \"ENVIRONMENT, FORESTS, SCIENCE AND TECHNOLOGY DEPARTMENT \",\n  \"from_date\": \"2025-07-14T04:20:50.020Z\",\n  \"to_date\": \"2025-07-15T04:20:50.020Z\"\n}", "pathname": "D:\\1_Playground\\uv_example\\app\\main.py", "funcName": "processing_time", "lineno": 97}
{"timestamp": "2025-07-15 10:00:05", "logger": "uv_example", "level": "INFO", "message": "Qdrant Connnection Close Sucessfully", "pathname": "D:\\1_Playground\\uv_example\\app\\db\\qdrantdb.py", "funcName": "close_qdrant_connection", "lineno": 47}
{"timestamp": "2025-07-15 10:00:05", "logger": "uv_example", "level": "INFO", "message": "Mongo Connnection Close Sucessfully", "pathname": "D:\\1_Playground\\uv_example\\app\\db\\mongodb.py", "funcName": "close_mongo_connection", "lineno": 37}
{"timestamp": "2025-07-15 10:00:14", "logger": "uv_example", "level": "INFO", "message": "Mongodb Connection Successful", "pathname": "D:\\1_Playground\\uv_example\\app\\db\\mongodb.py", "funcName": "initialise_mongo", "lineno": 22}
{"timestamp": "2025-07-15 10:00:25", "logger": "uv_example", "level": "INFO", "message": "Qdrant Connection Successful", "pathname": "D:\\1_Playground\\uv_example\\app\\db\\qdrantdb.py", "funcName": "initialise_qdrant", "lineno": 17}
{"timestamp": "2025-07-15 10:00:28", "logger": "uv_example", "level": "INFO", "message": "Qdrant model warm-up completed.", "pathname": "D:\\1_Playground\\uv_example\\app\\db\\qdrantdb.py", "funcName": "initialise_qdrant", "lineno": 33}
{"timestamp": "2025-07-15 10:01:31", "logger": "uv_example", "level": "INFO", "message": "{\n  \"collection_name\": \"budgets\",\n  \"query\": \"ENVIRONMENT, FORESTS, SCIENCE AND TECHNOLOGY DEPARTMENT \",\n  \"from_date\": \"2025-07-14T04:20:50.020Z\",\n  \"to_date\": \"2025-07-15T04:20:50.020Z\"\n}", "pathname": "D:\\1_Playground\\uv_example\\app\\main.py", "funcName": "processing_time", "lineno": 86}
{"timestamp": "2025-07-15 10:01:52", "logger": "uv_example", "level": "ERROR", "message": "Unhandled exception: [TypeError(\"'coroutine' object is not iterable\"), TypeError('vars() argument must have __dict__ attribute')]", "pathname": "D:\\1_Playground\\uv_example\\app\\main.py", "funcName": "generic_exception_handler", "lineno": 67}
{"timestamp": "2025-07-15 10:02:00", "logger": "uv_example", "level": "INFO", "message": "{\n  \"collection_name\": \"budgets\",\n  \"query\": \"ENVIRONMENT, FORESTS, SCIENCE AND TECHNOLOGY DEPARTMENT \",\n  \"from_date\": \"2025-07-14T04:20:50.020Z\",\n  \"to_date\": \"2025-07-15T04:20:50.020Z\"\n}", "pathname": "D:\\1_Playground\\uv_example\\app\\main.py", "funcName": "processing_time", "lineno": 86}
{"timestamp": "2025-07-15 10:02:40", "logger": "uv_example", "level": "ERROR", "message": "Unhandled exception: [TypeError(\"'coroutine' object is not iterable\"), TypeError('vars() argument must have __dict__ attribute')]", "pathname": "D:\\1_Playground\\uv_example\\app\\main.py", "funcName": "generic_exception_handler", "lineno": 67}
{"timestamp": "2025-07-15 10:02:40", "logger": "uv_example", "level": "INFO", "message": "Qdrant Connnection Close Sucessfully", "pathname": "D:\\1_Playground\\uv_example\\app\\db\\qdrantdb.py", "funcName": "close_qdrant_connection", "lineno": 47}
{"timestamp": "2025-07-15 10:02:40", "logger": "uv_example", "level": "INFO", "message": "Mongo Connnection Close Sucessfully", "pathname": "D:\\1_Playground\\uv_example\\app\\db\\mongodb.py", "funcName": "close_mongo_connection", "lineno": 37}
{"timestamp": "2025-07-15 10:02:48", "logger": "uv_example", "level": "INFO", "message": "Mongodb Connection Successful", "pathname": "D:\\1_Playground\\uv_example\\app\\db\\mongodb.py", "funcName": "initialise_mongo", "lineno": 22}
{"timestamp": "2025-07-15 10:02:58", "logger": "uv_example", "level": "INFO", "message": "Qdrant Connection Successful", "pathname": "D:\\1_Playground\\uv_example\\app\\db\\qdrantdb.py", "funcName": "initialise_qdrant", "lineno": 17}
{"timestamp": "2025-07-15 10:03:02", "logger": "uv_example", "level": "INFO", "message": "Qdrant model warm-up completed.", "pathname": "D:\\1_Playground\\uv_example\\app\\db\\qdrantdb.py", "funcName": "initialise_qdrant", "lineno": 33}
{"timestamp": "2025-07-15 10:03:25", "logger": "uv_example", "level": "INFO", "message": "{\n  \"collection_name\": \"budgets\",\n  \"query\": \"ENVIRONMENT, FORESTS, SCIENCE AND TECHNOLOGY DEPARTMENT \",\n  \"from_date\": \"2025-07-14T04:20:50.020Z\",\n  \"to_date\": \"2025-07-15T04:20:50.020Z\"\n}", "pathname": "D:\\1_Playground\\uv_example\\app\\main.py", "funcName": "processing_time", "lineno": 86}
{"timestamp": "2025-07-15 10:03:49", "logger": "uv_example", "level": "INFO", "message": "POST http://localhost:8000/api/v1/qdrant/search processed in  23.199920", "pathname": "D:\\1_Playground\\uv_example\\app\\main.py", "funcName": "processing_time", "lineno": 96}
{"timestamp": "2025-07-15 10:03:49", "logger": "uv_example", "level": "INFO", "message": "Request parameters are: {\n  \"collection_name\": \"budgets\",\n  \"query\": \"ENVIRONMENT, FORESTS, SCIENCE AND TECHNOLOGY DEPARTMENT \",\n  \"from_date\": \"2025-07-14T04:20:50.020Z\",\n  \"to_date\": \"2025-07-15T04:20:50.020Z\"\n}", "pathname": "D:\\1_Playground\\uv_example\\app\\main.py", "funcName": "processing_time", "lineno": 97}
{"timestamp": "2025-07-15 10:05:52", "logger": "uv_example", "level": "INFO", "message": "Qdrant Connnection Close Sucessfully", "pathname": "D:\\1_Playground\\uv_example\\app\\db\\qdrantdb.py", "funcName": "close_qdrant_connection", "lineno": 47}
{"timestamp": "2025-07-15 10:05:52", "logger": "uv_example", "level": "INFO", "message": "Mongo Connnection Close Sucessfully", "pathname": "D:\\1_Playground\\uv_example\\app\\db\\mongodb.py", "funcName": "close_mongo_connection", "lineno": 37}
{"timestamp": "2025-07-15 10:06:50", "logger": "uv_example", "level": "INFO", "message": "Mongodb Connection Successful", "pathname": "D:\\1_Playground\\uv_example\\app\\db\\mongodb.py", "funcName": "initialise_mongo", "lineno": 22}
{"timestamp": "2025-07-15 10:07:00", "logger": "uv_example", "level": "INFO", "message": "Qdrant Connection Successful", "pathname": "D:\\1_Playground\\uv_example\\app\\db\\qdrantdb.py", "funcName": "initialise_qdrant", "lineno": 17}
{"timestamp": "2025-07-15 10:07:03", "logger": "uv_example", "level": "INFO", "message": "Qdrant model warm-up completed.", "pathname": "D:\\1_Playground\\uv_example\\app\\db\\qdrantdb.py", "funcName": "initialise_qdrant", "lineno": 33}
{"timestamp": "2025-07-15 10:07:22", "logger": "uv_example", "level": "INFO", "message": "{\n  \"collection_name\": \"budgets\",\n  \"query\": \"ENVIRONMENT, FORESTS, SCIENCE AND TECHNOLOGY DEPARTMENT \",\n  \"from_date\": \"2025-07-14T04:20:50.020Z\",\n  \"to_date\": \"2025-07-15T04:20:50.020Z\"\n}", "pathname": "D:\\1_Playground\\uv_example\\app\\main.py", "funcName": "processing_time", "lineno": 86}
{"timestamp": "2025-07-15 10:17:53", "logger": "uv_example", "level": "ERROR", "message": "Error Searching collection 'budgets': 2 validation errors for Range\ngte\n  Input should be a valid number, unable to parse string as a number [type=float_parsing, input_value='2025-07-14T04:20:50.020000Z', input_type=str]\n    For further information visit https://errors.pydantic.dev/2.11/v/float_parsing\nlte\n  Input should be a valid number, unable to parse string as a number [type=float_parsing, input_value='2025-07-15T04:20:50.020000Z', input_type=str]\n    For further information visit https://errors.pydantic.dev/2.11/v/float_parsing", "pathname": "D:\\1_Playground\\uv_example\\app\\services\\qdrant_services.py", "funcName": "search_collection", "lineno": 176}
{"timestamp": "2025-07-15 10:17:53", "logger": "uv_example", "level": "INFO", "message": "POST http://localhost:8000/api/v1/qdrant/search processed in  631.852489", "pathname": "D:\\1_Playground\\uv_example\\app\\main.py", "funcName": "processing_time", "lineno": 96}
{"timestamp": "2025-07-15 10:17:53", "logger": "uv_example", "level": "INFO", "message": "Request parameters are: {\n  \"collection_name\": \"budgets\",\n  \"query\": \"ENVIRONMENT, FORESTS, SCIENCE AND TECHNOLOGY DEPARTMENT \",\n  \"from_date\": \"2025-07-14T04:20:50.020Z\",\n  \"to_date\": \"2025-07-15T04:20:50.020Z\"\n}", "pathname": "D:\\1_Playground\\uv_example\\app\\main.py", "funcName": "processing_time", "lineno": 97}
{"timestamp": "2025-07-15 10:17:54", "logger": "uv_example", "level": "INFO", "message": "Qdrant Connnection Close Sucessfully", "pathname": "D:\\1_Playground\\uv_example\\app\\db\\qdrantdb.py", "funcName": "close_qdrant_connection", "lineno": 47}
{"timestamp": "2025-07-15 10:17:54", "logger": "uv_example", "level": "INFO", "message": "Mongo Connnection Close Sucessfully", "pathname": "D:\\1_Playground\\uv_example\\app\\db\\mongodb.py", "funcName": "close_mongo_connection", "lineno": 37}
{"timestamp": "2025-07-15 10:18:03", "logger": "uv_example", "level": "INFO", "message": "Mongodb Connection Successful", "pathname": "D:\\1_Playground\\uv_example\\app\\db\\mongodb.py", "funcName": "initialise_mongo", "lineno": 22}
{"timestamp": "2025-07-15 10:18:14", "logger": "uv_example", "level": "INFO", "message": "Qdrant Connection Successful", "pathname": "D:\\1_Playground\\uv_example\\app\\db\\qdrantdb.py", "funcName": "initialise_qdrant", "lineno": 17}
{"timestamp": "2025-07-15 10:18:17", "logger": "uv_example", "level": "INFO", "message": "Qdrant model warm-up completed.", "pathname": "D:\\1_Playground\\uv_example\\app\\db\\qdrantdb.py", "funcName": "initialise_qdrant", "lineno": 33}
{"timestamp": "2025-07-15 10:30:18", "logger": "uv_example", "level": "INFO", "message": "Skipping body logging for file upload", "pathname": "D:\\1_Playground\\uv_example\\app\\main.py", "funcName": "processing_time", "lineno": 82}
{"timestamp": "2025-07-15 10:30:18", "logger": "uv_example", "level": "ERROR", "message": "Unhandled exception: type object 'datetime.datetime' has no attribute 'UTC'", "pathname": "D:\\1_Playground\\uv_example\\app\\main.py", "funcName": "generic_exception_handler", "lineno": 67}
{"timestamp": "2025-07-15 10:32:34", "logger": "uv_example", "level": "INFO", "message": "Qdrant Connnection Close Sucessfully", "pathname": "D:\\1_Playground\\uv_example\\app\\db\\qdrantdb.py", "funcName": "close_qdrant_connection", "lineno": 47}
{"timestamp": "2025-07-15 10:32:34", "logger": "uv_example", "level": "INFO", "message": "Mongo Connnection Close Sucessfully", "pathname": "D:\\1_Playground\\uv_example\\app\\db\\mongodb.py", "funcName": "close_mongo_connection", "lineno": 37}
{"timestamp": "2025-07-15 10:32:43", "logger": "uv_example", "level": "INFO", "message": "Mongodb Connection Successful", "pathname": "D:\\1_Playground\\uv_example\\app\\db\\mongodb.py", "funcName": "initialise_mongo", "lineno": 22}
{"timestamp": "2025-07-15 10:32:53", "logger": "uv_example", "level": "INFO", "message": "Qdrant Connection Successful", "pathname": "D:\\1_Playground\\uv_example\\app\\db\\qdrantdb.py", "funcName": "initialise_qdrant", "lineno": 17}
{"timestamp": "2025-07-15 10:32:56", "logger": "uv_example", "level": "INFO", "message": "Qdrant model warm-up completed.", "pathname": "D:\\1_Playground\\uv_example\\app\\db\\qdrantdb.py", "funcName": "initialise_qdrant", "lineno": 33}
{"timestamp": "2025-07-15 10:33:05", "logger": "uv_example", "level": "INFO", "message": "Mongodb Connection Successful", "pathname": "D:\\1_Playground\\uv_example\\app\\db\\mongodb.py", "funcName": "initialise_mongo", "lineno": 22}
{"timestamp": "2025-07-15 10:33:15", "logger": "uv_example", "level": "INFO", "message": "Qdrant Connection Successful", "pathname": "D:\\1_Playground\\uv_example\\app\\db\\qdrantdb.py", "funcName": "initialise_qdrant", "lineno": 17}
{"timestamp": "2025-07-15 10:33:19", "logger": "uv_example", "level": "INFO", "message": "Qdrant model warm-up completed.", "pathname": "D:\\1_Playground\\uv_example\\app\\db\\qdrantdb.py", "funcName": "initialise_qdrant", "lineno": 33}
{"timestamp": "2025-07-15 10:33:24", "logger": "uv_example", "level": "INFO", "message": "Skipping body logging for file upload", "pathname": "D:\\1_Playground\\uv_example\\app\\main.py", "funcName": "processing_time", "lineno": 82}
{"timestamp": "2025-07-15 10:33:34", "logger": "uv_example", "level": "INFO", "message": "Inserted document into 'budgets' with ID: 6875e1268133e4f5923c54ca", "pathname": "D:\\1_Playground\\uv_example\\app\\services\\mongo_services.py", "funcName": "insert_document", "lineno": 49}
{"timestamp": "2025-07-15 10:33:38", "logger": "uv_example", "level": "INFO", "message": "Successfully ingested data into collection 'budgets'.", "pathname": "D:\\1_Playground\\uv_example\\app\\services\\qdrant_services.py", "funcName": "ingest_data", "lineno": 40}
{"timestamp": "2025-07-15 10:33:38", "logger": "uv_example", "level": "INFO", "message": "POST http://localhost:8000/api/v1/upload?page_by_page=true processed in  13.585106", "pathname": "D:\\1_Playground\\uv_example\\app\\main.py", "funcName": "processing_time", "lineno": 96}
{"timestamp": "2025-07-15 10:33:38", "logger": "uv_example", "level": "INFO", "message": "Request parameters are: <File upload - not read>", "pathname": "D:\\1_Playground\\uv_example\\app\\main.py", "funcName": "processing_time", "lineno": 97}
{"timestamp": "2025-07-15 10:34:56", "logger": "uv_example", "level": "INFO", "message": "Qdrant Connnection Close Sucessfully", "pathname": "D:\\1_Playground\\uv_example\\app\\db\\qdrantdb.py", "funcName": "close_qdrant_connection", "lineno": 47}
{"timestamp": "2025-07-15 10:34:56", "logger": "uv_example", "level": "INFO", "message": "Mongo Connnection Close Sucessfully", "pathname": "D:\\1_Playground\\uv_example\\app\\db\\mongodb.py", "funcName": "close_mongo_connection", "lineno": 37}
{"timestamp": "2025-07-15 10:35:04", "logger": "uv_example", "level": "INFO", "message": "Mongodb Connection Successful", "pathname": "D:\\1_Playground\\uv_example\\app\\db\\mongodb.py", "funcName": "initialise_mongo", "lineno": 22}
{"timestamp": "2025-07-15 10:35:14", "logger": "uv_example", "level": "INFO", "message": "Qdrant Connection Successful", "pathname": "D:\\1_Playground\\uv_example\\app\\db\\qdrantdb.py", "funcName": "initialise_qdrant", "lineno": 17}
{"timestamp": "2025-07-15 10:35:18", "logger": "uv_example", "level": "INFO", "message": "Qdrant model warm-up completed.", "pathname": "D:\\1_Playground\\uv_example\\app\\db\\qdrantdb.py", "funcName": "initialise_qdrant", "lineno": 33}
{"timestamp": "2025-07-15 10:35:26", "logger": "uv_example", "level": "INFO", "message": "Mongodb Connection Successful", "pathname": "D:\\1_Playground\\uv_example\\app\\db\\mongodb.py", "funcName": "initialise_mongo", "lineno": 22}
{"timestamp": "2025-07-15 10:35:37", "logger": "uv_example", "level": "INFO", "message": "Qdrant Connection Successful", "pathname": "D:\\1_Playground\\uv_example\\app\\db\\qdrantdb.py", "funcName": "initialise_qdrant", "lineno": 17}
{"timestamp": "2025-07-15 10:35:40", "logger": "uv_example", "level": "INFO", "message": "Qdrant model warm-up completed.", "pathname": "D:\\1_Playground\\uv_example\\app\\db\\qdrantdb.py", "funcName": "initialise_qdrant", "lineno": 33}
{"timestamp": "2025-07-15 10:35:46", "logger": "uv_example", "level": "INFO", "message": "{\n  \"collection_name\": \"budgets\",\n  \"query\": \"ENVIRONMENT, FORESTS, SCIENCE AND TECHNOLOGY DEPARTMENT \",\n  \"from_date\": \"2025-07-14T04:20:50.020Z\",\n  \"to_date\": \"2025-07-15T04:20:50.020Z\"\n}", "pathname": "D:\\1_Playground\\uv_example\\app\\main.py", "funcName": "processing_time", "lineno": 86}
{"timestamp": "2025-07-15 10:36:27", "logger": "uv_example", "level": "ERROR", "message": "Error Searching collection 'budgets': 2 validation errors for Range\ngte\n  Input should be a valid number, unable to parse string as a number [type=float_parsing, input_value='2025-07-14T04:20:50.020000Z', input_type=str]\n    For further information visit https://errors.pydantic.dev/2.11/v/float_parsing\nlte\n  Input should be a valid number, unable to parse string as a number [type=float_parsing, input_value='2025-07-15T04:20:50.020000Z', input_type=str]\n    For further information visit https://errors.pydantic.dev/2.11/v/float_parsing", "pathname": "D:\\1_Playground\\uv_example\\app\\services\\qdrant_services.py", "funcName": "search_collection", "lineno": 176}
{"timestamp": "2025-07-15 10:36:27", "logger": "uv_example", "level": "INFO", "message": "POST http://localhost:8000/api/v1/qdrant/search processed in  41.248669", "pathname": "D:\\1_Playground\\uv_example\\app\\main.py", "funcName": "processing_time", "lineno": 96}
{"timestamp": "2025-07-15 10:36:27", "logger": "uv_example", "level": "INFO", "message": "Request parameters are: {\n  \"collection_name\": \"budgets\",\n  \"query\": \"ENVIRONMENT, FORESTS, SCIENCE AND TECHNOLOGY DEPARTMENT \",\n  \"from_date\": \"2025-07-14T04:20:50.020Z\",\n  \"to_date\": \"2025-07-15T04:20:50.020Z\"\n}", "pathname": "D:\\1_Playground\\uv_example\\app\\main.py", "funcName": "processing_time", "lineno": 97}
{"timestamp": "2025-07-15 10:36:35", "logger": "uv_example", "level": "INFO", "message": "Qdrant Connnection Close Sucessfully", "pathname": "D:\\1_Playground\\uv_example\\app\\db\\qdrantdb.py", "funcName": "close_qdrant_connection", "lineno": 47}
{"timestamp": "2025-07-15 10:36:35", "logger": "uv_example", "level": "INFO", "message": "Mongo Connnection Close Sucessfully", "pathname": "D:\\1_Playground\\uv_example\\app\\db\\mongodb.py", "funcName": "close_mongo_connection", "lineno": 37}
{"timestamp": "2025-07-15 10:36:44", "logger": "uv_example", "level": "INFO", "message": "Mongodb Connection Successful", "pathname": "D:\\1_Playground\\uv_example\\app\\db\\mongodb.py", "funcName": "initialise_mongo", "lineno": 22}
{"timestamp": "2025-07-15 10:36:54", "logger": "uv_example", "level": "INFO", "message": "Qdrant Connection Successful", "pathname": "D:\\1_Playground\\uv_example\\app\\db\\qdrantdb.py", "funcName": "initialise_qdrant", "lineno": 17}
{"timestamp": "2025-07-15 10:36:57", "logger": "uv_example", "level": "INFO", "message": "Qdrant model warm-up completed.", "pathname": "D:\\1_Playground\\uv_example\\app\\db\\qdrantdb.py", "funcName": "initialise_qdrant", "lineno": 33}
{"timestamp": "2025-07-15 10:37:06", "logger": "uv_example", "level": "INFO", "message": "Mongodb Connection Successful", "pathname": "D:\\1_Playground\\uv_example\\app\\db\\mongodb.py", "funcName": "initialise_mongo", "lineno": 22}
{"timestamp": "2025-07-15 10:37:16", "logger": "uv_example", "level": "INFO", "message": "Qdrant Connection Successful", "pathname": "D:\\1_Playground\\uv_example\\app\\db\\qdrantdb.py", "funcName": "initialise_qdrant", "lineno": 17}
{"timestamp": "2025-07-15 10:37:20", "logger": "uv_example", "level": "INFO", "message": "Qdrant model warm-up completed.", "pathname": "D:\\1_Playground\\uv_example\\app\\db\\qdrantdb.py", "funcName": "initialise_qdrant", "lineno": 33}
{"timestamp": "2025-07-15 10:37:31", "logger": "uv_example", "level": "INFO", "message": "{\n  \"collection_name\": \"budgets\",\n  \"query\": \"ENVIRONMENT, FORESTS, SCIENCE AND TECHNOLOGY DEPARTMENT \",\n  \"from_date\": \"2025-07-14T04:20:50.020Z\",\n  \"to_date\": \"2025-07-15T04:20:50.020Z\"\n}", "pathname": "D:\\1_Playground\\uv_example\\app\\main.py", "funcName": "processing_time", "lineno": 86}
{"timestamp": "2025-07-15 10:38:07", "logger": "uv_example", "level": "INFO", "message": "POST http://localhost:8000/api/v1/qdrant/search processed in  36.311783", "pathname": "D:\\1_Playground\\uv_example\\app\\main.py", "funcName": "processing_time", "lineno": 96}
{"timestamp": "2025-07-15 10:38:07", "logger": "uv_example", "level": "INFO", "message": "Request parameters are: {\n  \"collection_name\": \"budgets\",\n  \"query\": \"ENVIRONMENT, FORESTS, SCIENCE AND TECHNOLOGY DEPARTMENT \",\n  \"from_date\": \"2025-07-14T04:20:50.020Z\",\n  \"to_date\": \"2025-07-15T04:20:50.020Z\"\n}", "pathname": "D:\\1_Playground\\uv_example\\app\\main.py", "funcName": "processing_time", "lineno": 97}
{"timestamp": "2025-07-15 10:38:25", "logger": "uv_example", "level": "INFO", "message": "Qdrant Connnection Close Sucessfully", "pathname": "D:\\1_Playground\\uv_example\\app\\db\\qdrantdb.py", "funcName": "close_qdrant_connection", "lineno": 47}
{"timestamp": "2025-07-15 10:38:25", "logger": "uv_example", "level": "INFO", "message": "Mongo Connnection Close Sucessfully", "pathname": "D:\\1_Playground\\uv_example\\app\\db\\mongodb.py", "funcName": "close_mongo_connection", "lineno": 37}
{"timestamp": "2025-07-15 10:38:36", "logger": "uv_example", "level": "INFO", "message": "Mongodb Connection Successful", "pathname": "D:\\1_Playground\\uv_example\\app\\db\\mongodb.py", "funcName": "initialise_mongo", "lineno": 22}
{"timestamp": "2025-07-15 10:38:48", "logger": "uv_example", "level": "INFO", "message": "Qdrant Connection Successful", "pathname": "D:\\1_Playground\\uv_example\\app\\db\\qdrantdb.py", "funcName": "initialise_qdrant", "lineno": 17}
{"timestamp": "2025-07-15 10:38:52", "logger": "uv_example", "level": "INFO", "message": "Qdrant model warm-up completed.", "pathname": "D:\\1_Playground\\uv_example\\app\\db\\qdrantdb.py", "funcName": "initialise_qdrant", "lineno": 33}
{"timestamp": "2025-07-15 10:39:01", "logger": "uv_example", "level": "INFO", "message": "Mongodb Connection Successful", "pathname": "D:\\1_Playground\\uv_example\\app\\db\\mongodb.py", "funcName": "initialise_mongo", "lineno": 22}
{"timestamp": "2025-07-15 10:39:12", "logger": "uv_example", "level": "INFO", "message": "Qdrant Connection Successful", "pathname": "D:\\1_Playground\\uv_example\\app\\db\\qdrantdb.py", "funcName": "initialise_qdrant", "lineno": 17}
{"timestamp": "2025-07-15 10:39:15", "logger": "uv_example", "level": "INFO", "message": "Qdrant model warm-up completed.", "pathname": "D:\\1_Playground\\uv_example\\app\\db\\qdrantdb.py", "funcName": "initialise_qdrant", "lineno": 33}
{"timestamp": "2025-07-15 10:39:21", "logger": "uv_example", "level": "INFO", "message": "{\n  \"collection_name\": \"budgets\",\n  \"query\": \"ENVIRONMENT, FORESTS, SCIENCE AND TECHNOLOGY DEPARTMENT \",\n  \"from_date\": \"2025-07-14T04:20:50.020Z\",\n  \"to_date\": \"2025-07-15T04:20:50.020Z\"\n}", "pathname": "D:\\1_Playground\\uv_example\\app\\main.py", "funcName": "processing_time", "lineno": 86}
{"timestamp": "2025-07-15 10:39:25", "logger": "uv_example", "level": "INFO", "message": "POST http://localhost:8000/api/v1/qdrant/search processed in  3.637986", "pathname": "D:\\1_Playground\\uv_example\\app\\main.py", "funcName": "processing_time", "lineno": 96}
{"timestamp": "2025-07-15 10:39:25", "logger": "uv_example", "level": "INFO", "message": "Request parameters are: {\n  \"collection_name\": \"budgets\",\n  \"query\": \"ENVIRONMENT, FORESTS, SCIENCE AND TECHNOLOGY DEPARTMENT \",\n  \"from_date\": \"2025-07-14T04:20:50.020Z\",\n  \"to_date\": \"2025-07-15T04:20:50.020Z\"\n}", "pathname": "D:\\1_Playground\\uv_example\\app\\main.py", "funcName": "processing_time", "lineno": 97}
{"timestamp": "2025-07-15 10:39:47", "logger": "uv_example", "level": "INFO", "message": "{\n  \"collection_name\": \"budgets\",\n  \"query\": \"ENVIRONMENT, FORESTS, SCIENCE AND TECHNOLOGY DEPARTMENT \"\n}", "pathname": "D:\\1_Playground\\uv_example\\app\\main.py", "funcName": "processing_time", "lineno": 86}
{"timestamp": "2025-07-15 10:39:47", "logger": "uv_example", "level": "INFO", "message": "POST http://localhost:8000/api/v1/qdrant/search processed in  0.002451", "pathname": "D:\\1_Playground\\uv_example\\app\\main.py", "funcName": "processing_time", "lineno": 96}
{"timestamp": "2025-07-15 10:39:47", "logger": "uv_example", "level": "INFO", "message": "Request parameters are: {\n  \"collection_name\": \"budgets\",\n  \"query\": \"ENVIRONMENT, FORESTS, SCIENCE AND TECHNOLOGY DEPARTMENT \"\n}", "pathname": "D:\\1_Playground\\uv_example\\app\\main.py", "funcName": "processing_time", "lineno": 97}
{"timestamp": "2025-07-15 10:39:51", "logger": "uv_example", "level": "INFO", "message": "{\n  \"collection_name\": \"budgets\",\n  \"query\": \"ENVIRONMENT, FORESTS, SCIENCE AND TECHNOLOGY DEPARTMENT \"\n}", "pathname": "D:\\1_Playground\\uv_example\\app\\main.py", "funcName": "processing_time", "lineno": 86}
{"timestamp": "2025-07-15 10:39:51", "logger": "uv_example", "level": "INFO", "message": "POST http://localhost:8000/api/v1/qdrant/search processed in  0.002121", "pathname": "D:\\1_Playground\\uv_example\\app\\main.py", "funcName": "processing_time", "lineno": 96}
{"timestamp": "2025-07-15 10:39:51", "logger": "uv_example", "level": "INFO", "message": "Request parameters are: {\n  \"collection_name\": \"budgets\",\n  \"query\": \"ENVIRONMENT, FORESTS, SCIENCE AND TECHNOLOGY DEPARTMENT \"\n}", "pathname": "D:\\1_Playground\\uv_example\\app\\main.py", "funcName": "processing_time", "lineno": 97}
{"timestamp": "2025-07-15 10:39:52", "logger": "uv_example", "level": "INFO", "message": "{\n  \"collection_name\": \"budgets\",\n  \"query\": \"ENVIRONMENT, FORESTS, SCIENCE AND TECHNOLOGY DEPARTMENT \"\n}", "pathname": "D:\\1_Playground\\uv_example\\app\\main.py", "funcName": "processing_time", "lineno": 86}
{"timestamp": "2025-07-15 10:39:52", "logger": "uv_example", "level": "INFO", "message": "POST http://localhost:8000/api/v1/qdrant/search processed in  0.002253", "pathname": "D:\\1_Playground\\uv_example\\app\\main.py", "funcName": "processing_time", "lineno": 96}
{"timestamp": "2025-07-15 10:39:52", "logger": "uv_example", "level": "INFO", "message": "Request parameters are: {\n  \"collection_name\": \"budgets\",\n  \"query\": \"ENVIRONMENT, FORESTS, SCIENCE AND TECHNOLOGY DEPARTMENT \"\n}", "pathname": "D:\\1_Playground\\uv_example\\app\\main.py", "funcName": "processing_time", "lineno": 97}
{"timestamp": "2025-07-15 10:40:42", "logger": "uv_example", "level": "INFO", "message": "Mongodb Connection Successful", "pathname": "D:\\1_Playground\\uv_example\\app\\db\\mongodb.py", "funcName": "initialise_mongo", "lineno": 22}
{"timestamp": "2025-07-15 10:40:52", "logger": "uv_example", "level": "INFO", "message": "Qdrant Connection Successful", "pathname": "D:\\1_Playground\\uv_example\\app\\db\\qdrantdb.py", "funcName": "initialise_qdrant", "lineno": 17}
{"timestamp": "2025-07-15 10:40:55", "logger": "uv_example", "level": "INFO", "message": "Qdrant model warm-up completed.", "pathname": "D:\\1_Playground\\uv_example\\app\\db\\qdrantdb.py", "funcName": "initialise_qdrant", "lineno": 33}
{"timestamp": "2025-07-15 10:41:25", "logger": "uv_example", "level": "INFO", "message": "{\n  \"collection_name\": \"budgets\",\n  \"query\": \"ENVIRONMENT, FORESTS, SCIENCE AND TECHNOLOGY DEPARTMENT \"\n}", "pathname": "D:\\1_Playground\\uv_example\\app\\main.py", "funcName": "processing_time", "lineno": 86}
{"timestamp": "2025-07-15 10:41:25", "logger": "uv_example", "level": "INFO", "message": "POST http://localhost:8000/api/v1/qdrant/search processed in  0.006049", "pathname": "D:\\1_Playground\\uv_example\\app\\main.py", "funcName": "processing_time", "lineno": 96}
{"timestamp": "2025-07-15 10:41:25", "logger": "uv_example", "level": "INFO", "message": "Request parameters are: {\n  \"collection_name\": \"budgets\",\n  \"query\": \"ENVIRONMENT, FORESTS, SCIENCE AND TECHNOLOGY DEPARTMENT \"\n}", "pathname": "D:\\1_Playground\\uv_example\\app\\main.py", "funcName": "processing_time", "lineno": 97}
{"timestamp": "2025-07-15 10:43:34", "logger": "uv_example", "level": "INFO", "message": "Qdrant Connnection Close Sucessfully", "pathname": "D:\\1_Playground\\uv_example\\app\\db\\qdrantdb.py", "funcName": "close_qdrant_connection", "lineno": 47}
{"timestamp": "2025-07-15 10:43:34", "logger": "uv_example", "level": "INFO", "message": "Mongo Connnection Close Sucessfully", "pathname": "D:\\1_Playground\\uv_example\\app\\db\\mongodb.py", "funcName": "close_mongo_connection", "lineno": 37}
{"timestamp": "2025-07-15 10:43:43", "logger": "uv_example", "level": "INFO", "message": "Mongodb Connection Successful", "pathname": "D:\\1_Playground\\uv_example\\app\\db\\mongodb.py", "funcName": "initialise_mongo", "lineno": 22}
{"timestamp": "2025-07-15 10:43:54", "logger": "uv_example", "level": "INFO", "message": "Qdrant Connection Successful", "pathname": "D:\\1_Playground\\uv_example\\app\\db\\qdrantdb.py", "funcName": "initialise_qdrant", "lineno": 17}
{"timestamp": "2025-07-15 10:43:57", "logger": "uv_example", "level": "INFO", "message": "Qdrant model warm-up completed.", "pathname": "D:\\1_Playground\\uv_example\\app\\db\\qdrantdb.py", "funcName": "initialise_qdrant", "lineno": 33}
{"timestamp": "2025-07-15 10:44:05", "logger": "uv_example", "level": "INFO", "message": "Mongodb Connection Successful", "pathname": "D:\\1_Playground\\uv_example\\app\\db\\mongodb.py", "funcName": "initialise_mongo", "lineno": 22}
{"timestamp": "2025-07-15 10:44:16", "logger": "uv_example", "level": "INFO", "message": "Qdrant Connection Successful", "pathname": "D:\\1_Playground\\uv_example\\app\\db\\qdrantdb.py", "funcName": "initialise_qdrant", "lineno": 17}
{"timestamp": "2025-07-15 10:44:19", "logger": "uv_example", "level": "INFO", "message": "Qdrant model warm-up completed.", "pathname": "D:\\1_Playground\\uv_example\\app\\db\\qdrantdb.py", "funcName": "initialise_qdrant", "lineno": 33}
{"timestamp": "2025-07-15 10:45:38", "logger": "uv_example", "level": "INFO", "message": "Qdrant Connnection Close Sucessfully", "pathname": "D:\\1_Playground\\uv_example\\app\\db\\qdrantdb.py", "funcName": "close_qdrant_connection", "lineno": 47}
{"timestamp": "2025-07-15 10:45:38", "logger": "uv_example", "level": "INFO", "message": "Mongo Connnection Close Sucessfully", "pathname": "D:\\1_Playground\\uv_example\\app\\db\\mongodb.py", "funcName": "close_mongo_connection", "lineno": 37}
{"timestamp": "2025-07-15 10:45:46", "logger": "uv_example", "level": "INFO", "message": "Mongodb Connection Successful", "pathname": "D:\\1_Playground\\uv_example\\app\\db\\mongodb.py", "funcName": "initialise_mongo", "lineno": 22}
{"timestamp": "2025-07-15 10:45:56", "logger": "uv_example", "level": "INFO", "message": "Qdrant Connection Successful", "pathname": "D:\\1_Playground\\uv_example\\app\\db\\qdrantdb.py", "funcName": "initialise_qdrant", "lineno": 17}
{"timestamp": "2025-07-15 10:46:00", "logger": "uv_example", "level": "INFO", "message": "Qdrant model warm-up completed.", "pathname": "D:\\1_Playground\\uv_example\\app\\db\\qdrantdb.py", "funcName": "initialise_qdrant", "lineno": 33}
{"timestamp": "2025-07-15 10:46:08", "logger": "uv_example", "level": "INFO", "message": "Mongodb Connection Successful", "pathname": "D:\\1_Playground\\uv_example\\app\\db\\mongodb.py", "funcName": "initialise_mongo", "lineno": 22}
{"timestamp": "2025-07-15 10:46:18", "logger": "uv_example", "level": "INFO", "message": "Qdrant Connection Successful", "pathname": "D:\\1_Playground\\uv_example\\app\\db\\qdrantdb.py", "funcName": "initialise_qdrant", "lineno": 17}
{"timestamp": "2025-07-15 10:46:21", "logger": "uv_example", "level": "INFO", "message": "Qdrant model warm-up completed.", "pathname": "D:\\1_Playground\\uv_example\\app\\db\\qdrantdb.py", "funcName": "initialise_qdrant", "lineno": 33}
{"timestamp": "2025-07-15 10:46:29", "logger": "uv_example", "level": "INFO", "message": "{\n  \"collection_name\": \"budgets\",\n  \"query\": \"ENVIRONMENT, FORESTS, SCIENCE AND TECHNOLOGY DEPARTMENT \"\n}", "pathname": "D:\\1_Playground\\uv_example\\app\\main.py", "funcName": "processing_time", "lineno": 86}
{"timestamp": "2025-07-15 10:46:38", "logger": "uv_example", "level": "ERROR", "message": "Error Searching collection 'budgets': 'NoneType' object has no attribute 'astimezone'", "pathname": "D:\\1_Playground\\uv_example\\app\\services\\qdrant_services.py", "funcName": "search_collection", "lineno": 176}
{"timestamp": "2025-07-15 10:46:40", "logger": "uv_example", "level": "INFO", "message": "POST http://localhost:8000/api/v1/qdrant/search processed in  11.447968", "pathname": "D:\\1_Playground\\uv_example\\app\\main.py", "funcName": "processing_time", "lineno": 96}
{"timestamp": "2025-07-15 10:46:40", "logger": "uv_example", "level": "INFO", "message": "Request parameters are: {\n  \"collection_name\": \"budgets\",\n  \"query\": \"ENVIRONMENT, FORESTS, SCIENCE AND TECHNOLOGY DEPARTMENT \"\n}", "pathname": "D:\\1_Playground\\uv_example\\app\\main.py", "funcName": "processing_time", "lineno": 97}
{"timestamp": "2025-07-15 10:46:53", "logger": "uv_example", "level": "INFO", "message": "Qdrant Connnection Close Sucessfully", "pathname": "D:\\1_Playground\\uv_example\\app\\db\\qdrantdb.py", "funcName": "close_qdrant_connection", "lineno": 47}
{"timestamp": "2025-07-15 10:46:53", "logger": "uv_example", "level": "INFO", "message": "Mongo Connnection Close Sucessfully", "pathname": "D:\\1_Playground\\uv_example\\app\\db\\mongodb.py", "funcName": "close_mongo_connection", "lineno": 37}
{"timestamp": "2025-07-15 10:47:01", "logger": "uv_example", "level": "INFO", "message": "Mongodb Connection Successful", "pathname": "D:\\1_Playground\\uv_example\\app\\db\\mongodb.py", "funcName": "initialise_mongo", "lineno": 22}
{"timestamp": "2025-07-15 10:47:11", "logger": "uv_example", "level": "INFO", "message": "Qdrant Connection Successful", "pathname": "D:\\1_Playground\\uv_example\\app\\db\\qdrantdb.py", "funcName": "initialise_qdrant", "lineno": 17}
{"timestamp": "2025-07-15 10:47:15", "logger": "uv_example", "level": "INFO", "message": "Qdrant model warm-up completed.", "pathname": "D:\\1_Playground\\uv_example\\app\\db\\qdrantdb.py", "funcName": "initialise_qdrant", "lineno": 33}
{"timestamp": "2025-07-15 10:47:23", "logger": "uv_example", "level": "INFO", "message": "Mongodb Connection Successful", "pathname": "D:\\1_Playground\\uv_example\\app\\db\\mongodb.py", "funcName": "initialise_mongo", "lineno": 22}
{"timestamp": "2025-07-15 10:47:34", "logger": "uv_example", "level": "INFO", "message": "Qdrant Connection Successful", "pathname": "D:\\1_Playground\\uv_example\\app\\db\\qdrantdb.py", "funcName": "initialise_qdrant", "lineno": 17}
{"timestamp": "2025-07-15 10:47:37", "logger": "uv_example", "level": "INFO", "message": "Qdrant model warm-up completed.", "pathname": "D:\\1_Playground\\uv_example\\app\\db\\qdrantdb.py", "funcName": "initialise_qdrant", "lineno": 33}
{"timestamp": "2025-07-15 10:47:42", "logger": "uv_example", "level": "INFO", "message": "{\n  \"collection_name\": \"budgets\",\n  \"query\": \"ENVIRONMENT, FORESTS, SCIENCE AND TECHNOLOGY DEPARTMENT \"\n}", "pathname": "D:\\1_Playground\\uv_example\\app\\main.py", "funcName": "processing_time", "lineno": 86}
{"timestamp": "2025-07-15 10:48:48", "logger": "uv_example", "level": "INFO", "message": "POST http://localhost:8000/api/v1/qdrant/search processed in  66.138701", "pathname": "D:\\1_Playground\\uv_example\\app\\main.py", "funcName": "processing_time", "lineno": 96}
{"timestamp": "2025-07-15 10:48:48", "logger": "uv_example", "level": "INFO", "message": "Request parameters are: {\n  \"collection_name\": \"budgets\",\n  \"query\": \"ENVIRONMENT, FORESTS, SCIENCE AND TECHNOLOGY DEPARTMENT \"\n}", "pathname": "D:\\1_Playground\\uv_example\\app\\main.py", "funcName": "processing_time", "lineno": 97}
{"timestamp": "2025-07-15 10:50:06", "logger": "uv_example", "level": "INFO", "message": "Qdrant Connnection Close Sucessfully", "pathname": "D:\\1_Playground\\uv_example\\app\\db\\qdrantdb.py", "funcName": "close_qdrant_connection", "lineno": 47}
{"timestamp": "2025-07-15 10:50:06", "logger": "uv_example", "level": "INFO", "message": "Mongo Connnection Close Sucessfully", "pathname": "D:\\1_Playground\\uv_example\\app\\db\\mongodb.py", "funcName": "close_mongo_connection", "lineno": 37}
{"timestamp": "2025-07-15 10:58:03", "logger": "uv_example", "level": "INFO", "message": "Mongodb Connection Successful", "pathname": "D:\\1_Playground\\uv_example\\app\\db\\mongodb.py", "funcName": "initialise_mongo", "lineno": 22}
{"timestamp": "2025-07-15 10:58:13", "logger": "uv_example", "level": "INFO", "message": "Qdrant Connection Successful", "pathname": "D:\\1_Playground\\uv_example\\app\\db\\qdrantdb.py", "funcName": "initialise_qdrant", "lineno": 17}
{"timestamp": "2025-07-15 10:58:17", "logger": "uv_example", "level": "INFO", "message": "Qdrant model warm-up completed.", "pathname": "D:\\1_Playground\\uv_example\\app\\db\\qdrantdb.py", "funcName": "initialise_qdrant", "lineno": 33}
{"timestamp": "2025-07-15 10:58:44", "logger": "uv_example", "level": "INFO", "message": "Skipping body logging for file upload", "pathname": "D:\\1_Playground\\uv_example\\app\\main.py", "funcName": "processing_time", "lineno": 82}
{"timestamp": "2025-07-15 10:58:53", "logger": "uv_example", "level": "INFO", "message": "Inserted document into 'budgets' with ID: 6875e71486415554bdd5ab0f", "pathname": "D:\\1_Playground\\uv_example\\app\\services\\mongo_services.py", "funcName": "insert_document", "lineno": 49}
{"timestamp": "2025-07-15 10:58:56", "logger": "uv_example", "level": "INFO", "message": "Successfully ingested data into collection 'budgets'.", "pathname": "D:\\1_Playground\\uv_example\\app\\services\\qdrant_services.py", "funcName": "ingest_data", "lineno": 40}
{"timestamp": "2025-07-15 10:58:56", "logger": "uv_example", "level": "INFO", "message": "POST http://localhost:8000/api/v1/upload?page_by_page=true processed in  12.179703", "pathname": "D:\\1_Playground\\uv_example\\app\\main.py", "funcName": "processing_time", "lineno": 96}
{"timestamp": "2025-07-15 10:58:56", "logger": "uv_example", "level": "INFO", "message": "Request parameters are: <File upload - not read>", "pathname": "D:\\1_Playground\\uv_example\\app\\main.py", "funcName": "processing_time", "lineno": 97}
{"timestamp": "2025-07-15 10:59:42", "logger": "uv_example", "level": "INFO", "message": "Qdrant Connnection Close Sucessfully", "pathname": "D:\\1_Playground\\uv_example\\app\\db\\qdrantdb.py", "funcName": "close_qdrant_connection", "lineno": 47}
{"timestamp": "2025-07-15 10:59:42", "logger": "uv_example", "level": "INFO", "message": "Mongo Connnection Close Sucessfully", "pathname": "D:\\1_Playground\\uv_example\\app\\db\\mongodb.py", "funcName": "close_mongo_connection", "lineno": 37}
{"timestamp": "2025-07-15 10:59:50", "logger": "uv_example", "level": "INFO", "message": "Mongodb Connection Successful", "pathname": "D:\\1_Playground\\uv_example\\app\\db\\mongodb.py", "funcName": "initialise_mongo", "lineno": 22}
{"timestamp": "2025-07-15 11:00:01", "logger": "uv_example", "level": "INFO", "message": "Qdrant Connection Successful", "pathname": "D:\\1_Playground\\uv_example\\app\\db\\qdrantdb.py", "funcName": "initialise_qdrant", "lineno": 17}
{"timestamp": "2025-07-15 11:00:04", "logger": "uv_example", "level": "INFO", "message": "Qdrant model warm-up completed.", "pathname": "D:\\1_Playground\\uv_example\\app\\db\\qdrantdb.py", "funcName": "initialise_qdrant", "lineno": 33}
{"timestamp": "2025-07-15 11:00:13", "logger": "uv_example", "level": "INFO", "message": "Mongodb Connection Successful", "pathname": "D:\\1_Playground\\uv_example\\app\\db\\mongodb.py", "funcName": "initialise_mongo", "lineno": 22}
{"timestamp": "2025-07-15 11:00:23", "logger": "uv_example", "level": "INFO", "message": "Qdrant Connection Successful", "pathname": "D:\\1_Playground\\uv_example\\app\\db\\qdrantdb.py", "funcName": "initialise_qdrant", "lineno": 17}
{"timestamp": "2025-07-15 11:00:27", "logger": "uv_example", "level": "INFO", "message": "Qdrant model warm-up completed.", "pathname": "D:\\1_Playground\\uv_example\\app\\db\\qdrantdb.py", "funcName": "initialise_qdrant", "lineno": 33}
{"timestamp": "2025-07-15 11:00:36", "logger": "uv_example", "level": "INFO", "message": "Mongodb Connection Successful", "pathname": "D:\\1_Playground\\uv_example\\app\\db\\mongodb.py", "funcName": "initialise_mongo", "lineno": 22}
{"timestamp": "2025-07-15 11:00:46", "logger": "uv_example", "level": "INFO", "message": "Qdrant Connection Successful", "pathname": "D:\\1_Playground\\uv_example\\app\\db\\qdrantdb.py", "funcName": "initialise_qdrant", "lineno": 17}
{"timestamp": "2025-07-15 11:00:49", "logger": "uv_example", "level": "INFO", "message": "Qdrant model warm-up completed.", "pathname": "D:\\1_Playground\\uv_example\\app\\db\\qdrantdb.py", "funcName": "initialise_qdrant", "lineno": 33}
{"timestamp": "2025-07-15 11:05:07", "logger": "uv_example", "level": "INFO", "message": "Qdrant Connnection Close Sucessfully", "pathname": "D:\\1_Playground\\uv_example\\app\\db\\qdrantdb.py", "funcName": "close_qdrant_connection", "lineno": 47}
{"timestamp": "2025-07-15 11:05:07", "logger": "uv_example", "level": "INFO", "message": "Mongo Connnection Close Sucessfully", "pathname": "D:\\1_Playground\\uv_example\\app\\db\\mongodb.py", "funcName": "close_mongo_connection", "lineno": 37}
{"timestamp": "2025-07-15 11:05:25", "logger": "uv_example", "level": "INFO", "message": "Mongodb Connection Successful", "pathname": "D:\\1_Playground\\uv_example\\app\\db\\mongodb.py", "funcName": "initialise_mongo", "lineno": 22}
{"timestamp": "2025-07-15 11:05:35", "logger": "uv_example", "level": "INFO", "message": "Qdrant Connection Successful", "pathname": "D:\\1_Playground\\uv_example\\app\\db\\qdrantdb.py", "funcName": "initialise_qdrant", "lineno": 17}
{"timestamp": "2025-07-15 11:05:38", "logger": "uv_example", "level": "INFO", "message": "Qdrant model warm-up completed.", "pathname": "D:\\1_Playground\\uv_example\\app\\db\\qdrantdb.py", "funcName": "initialise_qdrant", "lineno": 33}
{"timestamp": "2025-07-15 11:05:47", "logger": "uv_example", "level": "INFO", "message": "Mongodb Connection Successful", "pathname": "D:\\1_Playground\\uv_example\\app\\db\\mongodb.py", "funcName": "initialise_mongo", "lineno": 22}
{"timestamp": "2025-07-15 11:05:59", "logger": "uv_example", "level": "INFO", "message": "Qdrant Connection Successful", "pathname": "D:\\1_Playground\\uv_example\\app\\db\\qdrantdb.py", "funcName": "initialise_qdrant", "lineno": 17}
{"timestamp": "2025-07-15 11:06:02", "logger": "uv_example", "level": "INFO", "message": "Qdrant model warm-up completed.", "pathname": "D:\\1_Playground\\uv_example\\app\\db\\qdrantdb.py", "funcName": "initialise_qdrant", "lineno": 33}
{"timestamp": "2025-07-15 11:06:11", "logger": "uv_example", "level": "INFO", "message": "Mongodb Connection Successful", "pathname": "D:\\1_Playground\\uv_example\\app\\db\\mongodb.py", "funcName": "initialise_mongo", "lineno": 22}
{"timestamp": "2025-07-15 11:06:22", "logger": "uv_example", "level": "INFO", "message": "Qdrant Connection Successful", "pathname": "D:\\1_Playground\\uv_example\\app\\db\\qdrantdb.py", "funcName": "initialise_qdrant", "lineno": 17}
{"timestamp": "2025-07-15 11:06:25", "logger": "uv_example", "level": "INFO", "message": "Qdrant model warm-up completed.", "pathname": "D:\\1_Playground\\uv_example\\app\\db\\qdrantdb.py", "funcName": "initialise_qdrant", "lineno": 33}
{"timestamp": "2025-07-15 11:07:36", "logger": "uv_example", "level": "INFO", "message": "{\n  \"collection_name\": \"Budgets\",\n  \"query\": \"ENVIRONMENT, FORESTS, SCIENCE AND TECHNOLOGY DEPARTMENT\",\n  \"from_date\": \"2025-07-14T05:33:57.513Z\",\n  \"to_date\": \"2025-07-15T05:33:57.513Z\"\n}", "pathname": "D:\\1_Playground\\uv_example\\app\\main.py", "funcName": "processing_time", "lineno": 86}
{"timestamp": "2025-07-15 11:10:55", "logger": "uv_example", "level": "ERROR", "message": "Error Searching collection 'Budgets': 'str' object cannot be interpreted as an integer", "pathname": "D:\\1_Playground\\uv_example\\app\\services\\qdrant_services.py", "funcName": "search_collection", "lineno": 168}
{"timestamp": "2025-07-15 11:10:55", "logger": "uv_example", "level": "INFO", "message": "POST http://localhost:8000/api/v1/qdrant/search processed in  198.817886", "pathname": "D:\\1_Playground\\uv_example\\app\\main.py", "funcName": "processing_time", "lineno": 96}
{"timestamp": "2025-07-15 11:10:55", "logger": "uv_example", "level": "INFO", "message": "Request parameters are: {\n  \"collection_name\": \"Budgets\",\n  \"query\": \"ENVIRONMENT, FORESTS, SCIENCE AND TECHNOLOGY DEPARTMENT\",\n  \"from_date\": \"2025-07-14T05:33:57.513Z\",\n  \"to_date\": \"2025-07-15T05:33:57.513Z\"\n}", "pathname": "D:\\1_Playground\\uv_example\\app\\main.py", "funcName": "processing_time", "lineno": 97}
{"timestamp": "2025-07-15 11:10:55", "logger": "uv_example", "level": "INFO", "message": "Qdrant Connnection Close Sucessfully", "pathname": "D:\\1_Playground\\uv_example\\app\\db\\qdrantdb.py", "funcName": "close_qdrant_connection", "lineno": 47}
{"timestamp": "2025-07-15 11:10:55", "logger": "uv_example", "level": "INFO", "message": "Mongo Connnection Close Sucessfully", "pathname": "D:\\1_Playground\\uv_example\\app\\db\\mongodb.py", "funcName": "close_mongo_connection", "lineno": 37}
{"timestamp": "2025-07-15 11:11:03", "logger": "uv_example", "level": "INFO", "message": "Mongodb Connection Successful", "pathname": "D:\\1_Playground\\uv_example\\app\\db\\mongodb.py", "funcName": "initialise_mongo", "lineno": 22}
{"timestamp": "2025-07-15 11:11:14", "logger": "uv_example", "level": "INFO", "message": "Qdrant Connection Successful", "pathname": "D:\\1_Playground\\uv_example\\app\\db\\qdrantdb.py", "funcName": "initialise_qdrant", "lineno": 17}
{"timestamp": "2025-07-15 11:11:17", "logger": "uv_example", "level": "INFO", "message": "Qdrant model warm-up completed.", "pathname": "D:\\1_Playground\\uv_example\\app\\db\\qdrantdb.py", "funcName": "initialise_qdrant", "lineno": 33}
{"timestamp": "2025-07-15 11:11:29", "logger": "uv_example", "level": "INFO", "message": "{\n  \"collection_name\": \"Budgets\",\n  \"query\": \"ENVIRONMENT, FORESTS, SCIENCE AND TECHNOLOGY DEPARTMENT\",\n  \"from_date\": \"2025-07-14T05:33:57.513Z\",\n  \"to_date\": \"2025-07-15T05:33:57.513Z\"\n}", "pathname": "D:\\1_Playground\\uv_example\\app\\main.py", "funcName": "processing_time", "lineno": 86}
{"timestamp": "2025-07-15 11:14:43", "logger": "uv_example", "level": "ERROR", "message": "Error Searching collection 'Budgets': 1 validation error for Range\ngte\n  Input should be a valid number [type=float_type, input_value=datetime.datetime(2025, 7...000, tzinfo=TzInfo(UTC)), input_type=datetime]\n    For further information visit https://errors.pydantic.dev/2.11/v/float_type", "pathname": "D:\\1_Playground\\uv_example\\app\\services\\qdrant_services.py", "funcName": "search_collection", "lineno": 168}
{"timestamp": "2025-07-15 11:14:43", "logger": "uv_example", "level": "INFO", "message": "POST http://localhost:8000/api/v1/qdrant/search processed in  194.170945", "pathname": "D:\\1_Playground\\uv_example\\app\\main.py", "funcName": "processing_time", "lineno": 96}
{"timestamp": "2025-07-15 11:14:43", "logger": "uv_example", "level": "INFO", "message": "Request parameters are: {\n  \"collection_name\": \"Budgets\",\n  \"query\": \"ENVIRONMENT, FORESTS, SCIENCE AND TECHNOLOGY DEPARTMENT\",\n  \"from_date\": \"2025-07-14T05:33:57.513Z\",\n  \"to_date\": \"2025-07-15T05:33:57.513Z\"\n}", "pathname": "D:\\1_Playground\\uv_example\\app\\main.py", "funcName": "processing_time", "lineno": 97}
{"timestamp": "2025-07-15 11:14:44", "logger": "uv_example", "level": "INFO", "message": "Qdrant Connnection Close Sucessfully", "pathname": "D:\\1_Playground\\uv_example\\app\\db\\qdrantdb.py", "funcName": "close_qdrant_connection", "lineno": 47}
{"timestamp": "2025-07-15 11:14:44", "logger": "uv_example", "level": "INFO", "message": "Mongo Connnection Close Sucessfully", "pathname": "D:\\1_Playground\\uv_example\\app\\db\\mongodb.py", "funcName": "close_mongo_connection", "lineno": 37}
{"timestamp": "2025-07-15 11:14:53", "logger": "uv_example", "level": "INFO", "message": "Mongodb Connection Successful", "pathname": "D:\\1_Playground\\uv_example\\app\\db\\mongodb.py", "funcName": "initialise_mongo", "lineno": 22}
{"timestamp": "2025-07-15 11:15:03", "logger": "uv_example", "level": "INFO", "message": "Qdrant Connection Successful", "pathname": "D:\\1_Playground\\uv_example\\app\\db\\qdrantdb.py", "funcName": "initialise_qdrant", "lineno": 17}
{"timestamp": "2025-07-15 11:15:06", "logger": "uv_example", "level": "INFO", "message": "Qdrant model warm-up completed.", "pathname": "D:\\1_Playground\\uv_example\\app\\db\\qdrantdb.py", "funcName": "initialise_qdrant", "lineno": 33}
{"timestamp": "2025-07-15 11:15:16", "logger": "uv_example", "level": "INFO", "message": "{\n  \"collection_name\": \"Budgets\",\n  \"query\": \"ENVIRONMENT, FORESTS, SCIENCE AND TECHNOLOGY DEPARTMENT\",\n  \"from_date\": \"2025-07-14T05:33:57.513Z\",\n  \"to_date\": \"2025-07-15T05:33:57.513Z\"\n}", "pathname": "D:\\1_Playground\\uv_example\\app\\main.py", "funcName": "processing_time", "lineno": 86}
{"timestamp": "2025-07-15 11:15:59", "logger": "uv_example", "level": "ERROR", "message": "Error Searching collection 'Budgets': Unexpected Response: 404 (Not Found)\nRaw response content:\nb'{\"status\":{\"error\":\"Not found: Collection `Budgets` doesn\\'t exist!\"},\"time\":3.1e-6}'", "pathname": "D:\\1_Playground\\uv_example\\app\\services\\qdrant_services.py", "funcName": "search_collection", "lineno": 169}
{"timestamp": "2025-07-15 11:16:29", "logger": "uv_example", "level": "INFO", "message": "POST http://localhost:8000/api/v1/qdrant/search processed in  73.356734", "pathname": "D:\\1_Playground\\uv_example\\app\\main.py", "funcName": "processing_time", "lineno": 96}
{"timestamp": "2025-07-15 11:16:29", "logger": "uv_example", "level": "INFO", "message": "Request parameters are: {\n  \"collection_name\": \"Budgets\",\n  \"query\": \"ENVIRONMENT, FORESTS, SCIENCE AND TECHNOLOGY DEPARTMENT\",\n  \"from_date\": \"2025-07-14T05:33:57.513Z\",\n  \"to_date\": \"2025-07-15T05:33:57.513Z\"\n}", "pathname": "D:\\1_Playground\\uv_example\\app\\main.py", "funcName": "processing_time", "lineno": 97}
